<?xml version="1.0" encoding="utf-8"?><testsuites name="pytest tests"><testsuite name="pytest" errors="0" failures="0" skipped="0" tests="1" time="39.715" timestamp="2026-03-09T10:52:08.737509+01:00" hostname="lrspc73"><testcase classname="tests.test_spectro" name="test_my_script" time="39.483" /></testsuite></testsuites>